insert_event 
--------------
 
(1 row)

insert_event 
--------------
 
(1 row)
